2025-11-11 20:02:54 - auto_form_fill - INFO - [main.py:150] - Validating inputs...
2025-11-11 20:02:54 - auto_form_fill - INFO - [main.py:154] - 📁 Input image: /home/npc/YO/templates/business_front.jpg
2025-11-11 20:02:54 - auto_form_fill - INFO - [main.py:155] - 📋 Template: /home/npc/YO/templates/business_tax_front.json
2025-11-11 20:02:54 - auto_form_fill - INFO - [main.py:156] - 💾 Output: /home/npc/YO/data/output/test_filled.pdf
2025-11-11 20:02:54 - auto_form_fill - INFO - [main.py:157] - 🌐 Languages: en,hi
2025-11-11 20:02:54 - auto_form_fill - INFO - [main.py:171] - 
🔄 Step 2: Loading form template...
2025-11-11 20:02:54 - filler.form_filler - INFO - [form_filler.py:28] - Loading template: /home/npc/YO/templates/business_tax_front.json
2025-11-11 20:02:54 - filler.form_filler - INFO - [form_filler.py:34] - Template loaded successfully
2025-11-11 20:02:54 - auto_form_fill - INFO - [main.py:174] - ✅ Template loaded successfully
2025-11-11 20:02:54 - auto_form_fill - INFO - [main.py:177] - 
🔄 Step 3: Initializing OCR engine...
2025-11-11 20:02:54 - ocr.extractor - INFO - [extractor.py:36] - 🔤 Initializing PaddleOCR (lang=en, gpu=False)
2025-11-11 20:02:54 - ocr.extractor - ERROR - [extractor.py:40] - Failed to initialize PaddleOCR: Unknown argument: use_gpu
2025-11-11 20:02:54 - auto_form_fill - ERROR - [main.py:293] - 
❌ Error: Unknown argument: use_gpu
2025-11-11 20:03:38 - auto_form_fill - INFO - [main.py:150] - Validating inputs...
2025-11-11 20:03:38 - auto_form_fill - INFO - [main.py:154] - 📁 Input image: /home/npc/YO/templates/business_front.jpg
2025-11-11 20:03:38 - auto_form_fill - INFO - [main.py:155] - 📋 Template: /home/npc/YO/templates/business_tax_front.json
2025-11-11 20:03:38 - auto_form_fill - INFO - [main.py:156] - 💾 Output: /home/npc/YO/data/output/test_filled.pdf
2025-11-11 20:03:38 - auto_form_fill - INFO - [main.py:157] - 🌐 Languages: en,hi
2025-11-11 20:03:38 - auto_form_fill - INFO - [main.py:171] - 
🔄 Step 2: Loading form template...
2025-11-11 20:03:38 - filler.form_filler - INFO - [form_filler.py:28] - Loading template: /home/npc/YO/templates/business_tax_front.json
2025-11-11 20:03:38 - filler.form_filler - INFO - [form_filler.py:34] - Template loaded successfully
2025-11-11 20:03:38 - auto_form_fill - INFO - [main.py:174] - ✅ Template loaded successfully
2025-11-11 20:03:38 - auto_form_fill - INFO - [main.py:177] - 
🔄 Step 3: Initializing OCR engine...
2025-11-11 20:03:38 - ocr.extractor - INFO - [extractor.py:36] - 🔤 Initializing PaddleOCR (lang=en)
2025-11-11 20:03:38 - ocr.extractor - ERROR - [extractor.py:41] - Failed to initialize PaddleOCR: No module named 'paddle'
2025-11-11 20:03:38 - auto_form_fill - ERROR - [main.py:293] - 
❌ Error: No module named 'paddle'
2025-11-11 21:25:27 - __main__ - INFO - [extractor.py:37] - 🔤 Initializing PaddleOCR (lang=en)
2025-11-11 21:25:27 - __main__ - ERROR - [extractor.py:42] - Failed to initialize PaddleOCR: No module named 'paddle'
